gleam :  INFO Compiling packages
At C:\Users\ariay\AppData\Local\Temp\ps-script-166f0e78-6ef9-401c-90fd-0e74f8464d68.ps1:77 char:1
+ gleam run > output.txt 2> errors.txt; cat output.txt
+ ~~~~~~~~~~~~~~~~~~~~~~~~~~~~~~~~~~~~
    + CategoryInfo          : NotSpecified: ( INFO Compiling packages:String) [], RemoteException
    + FullyQualifiedErrorId : NativeCommandError
 
 INFO compile{package=argv}: analysing_modules count=0
 INFO compile{package=gleam_stdlib}: analysing_modules count=0
 INFO compile{package=gleam_erlang}: analysing_modules count=0
 INFO compile{package=gleam_otp}: analysing_modules count=0
 INFO compile{package=gleam_time}: analysing_modules count=0
 INFO compile{package=gleeunit}: analysing_modules count=0
[0m[1m[38;5;11mwarning[0m[1m: Unused imported module[0m
  [0m[36mΓöîΓöÇ[0m 
C:\Users\ariay\Desktop\archive\school\fall25\distsystems\project_4_reddit\src\project_4_reddit.gleam:5:1
  [0m[36mΓöé[0m
[0m[36m5[0m [0m[36mΓöé[0m [0m[33mimport argv[0m
  [0m[36mΓöé[0m [0m[33m^^^^^^^^^^^[0m [0m[33mThis imported module is never used[0m

Hint: You can safely remove it.

[0m[1m[38;5;11mwarning[0m[1m: Unused imported module[0m
   [0m[36mΓöîΓöÇ[0m 
C:\Users\ariay\Desktop\archive\school\fall25\distsystems\project_4_reddit\src\project_4_reddit.gleam:10:1
   [0m[36mΓöé[0m
[0m[36m10[0m [0m[36mΓöé[0m [0m[33mimport gleam/io[0m
   [0m[36mΓöé[0m [0m[33m^^^^^^^^^^^^^^^[0m [0m[33mThis imported module is never used[0m

Hint: You can safely remove it.

[0m[1m[38;5;11mwarning[0m[1m: Unused private function[0m
    [0m[36mΓöîΓöÇ[0m 
C:\Users\ariay\Desktop\archive\school\fall25\distsystems\project_4_reddit\src\project_4_reddit.gleam:444:1
    [0m[36mΓöé[0m
[0m[36m444[0m [0m[36mΓöé[0m [0m[33mfn engine_terminate(_st: EngineState) -> Nil[0m {
    [0m[36mΓöé[0m [0m[33m^^^^^^^^^^^^^^^^^^^^^^^^^^^^^^^^^^^^^^^^^^^^[0m [0m[33mThis private function is never 
used[0m

Hint: You can safely remove it.

[0m[1m[38;5;11mwarning[0m[1m: Unused private function[0m
    [0m[36mΓöîΓöÇ[0m 
C:\Users\ariay\Desktop\archive\school\fall25\distsystems\project_4_reddit\src\project_4_reddit.gleam:648:1
    [0m[36mΓöé[0m
[0m[36m648[0m [0m[36mΓöé[0m [0m[33mfn client_terminate(_st: ClientState) -> Nil[0m {
    [0m[36mΓöé[0m [0m[33m^^^^^^^^^^^^^^^^^^^^^^^^^^^^^^^^^^^^^^^^^^^^[0m [0m[33mThis private function is never 
used[0m

Hint: You can safely remove it.

 INFO compile{package=project_4_reddit}: analysing_modules count=0
[0m[38;5;13m   Compiled[0m in 0.06s
[0m[38;5;13m    Running[0m project_4_reddit.main
[31;1mruntime error[39m: Erlang exit[0m

A function was called but it did not exist.

erlang:exit(undef)

stacktrace:
  gleam_stdlib.inspect[90m unknown source[0m
  gleam/string.inspect[90m src\gleam\string.gleam:905[0m
  gleam/otp/actor.loop[90m src\gleam\otp\actor.gleam:509[0m
  proc_lib.init_p[90m proc_lib.erl:317[0m

